
R version 4.3.3 (2024-02-29) -- "Angel Food Cake"
Copyright (C) 2024 The R Foundation for Statistical Computing
Platform: x86_64-pc-linux-gnu (64-bit)

R is free software and comes with ABSOLUTELY NO WARRANTY.
You are welcome to redistribute it under certain conditions.
Type 'license()' or 'licence()' for distribution details.

R is a collaborative project with many contributors.
Type 'contributors()' for more information and
'citation()' on how to cite R or R packages in publications.

Type 'demo()' for some demos, 'help()' for on-line help, or
'help.start()' for an HTML browser interface to help.
Type 'q()' to quit R.

[Previously saved workspace restored]

> # 0. Setup options. ----
> Sys.setenv("LOG_LEVEL" = "INFO")
> 
> rlog::log_info("Loading libraries")
2025-01-03 06:38:01.634743 [INFO] Loading libraries
> library("RPostgreSQL")
Loading required package: DBI
> 
> # 0.1 OA_INDEXES: Local DB options
> rlog::log_info("Setting local DB options...")
2025-01-03 06:38:01.839532 [INFO] Setting local DB options...
> 
> drv <- DBI::dbDriver("PostgreSQL")
> db_pw <- Sys.getenv('PGSQL_PW')
> db_user <- "justinjtownsend"
> 
> # 0.2 ORATS: Web data source options.
> rlog::log_info("Setting remote data source options...")
2025-01-03 06:38:01.841226 [INFO] Setting remote data source options...
> 
> ORATS_BASEURL <- "https://api.orats.io"
> orats.api.key <- Sys.getenv("ORATS_API_KEY")
> 
> # 0.3 RQuantLib: Latest valid business date for ORATS extraction.
> rlog::log_info("Getting most recent load date...")
2025-01-03 06:38:01.84148 [INFO] Getting most recent load date...
> 
> startHour <- 2
> currentHour <- as.numeric(format(Sys.time(), format = "%H"))
> endDtTimeChk <- currentHour > startHour
> 
> # 1. Latest load dates (Local DB). ----
> rlog::log_info("Fetching most recent load date from local DB...")
2025-01-03 06:38:01.846464 [INFO] Fetching most recent load date from local DB...
> 
> opts_latest_loadDates <- function(con) {
+     latest_loadDates <- RPostgreSQL::dbGetQuery(
+       con,
+       statement = paste0(
+         'SELECT max("tradeDate") as latestTradeDate, ',
+         'max("quoteDate") as latestQuoteDate, ',
+         'max("updatedAt") as latestUpdateDate ',
+         'FROM opts_hist.opts_hist;'
+       )
+     )
+     
+     return(latest_loadDates)
+   }
> 
> rlog::log_info("Connecting to the local DB...")
2025-01-03 06:38:01.846932 [INFO] Connecting to the local DB...
> 
> latest_loadDates <- tryCatch(
+   {
+     con <- DBI::dbConnect(drv, dbname = "oa_indexes",
+                    host = "localhost", port = 5432,
+                    user = db_user, password = db_pw,
+                    options="-c search_path=opts_hist")
+     
+     opts_latest_loadDates(con)
+     },
+   error = function(err) {
+     print(paste("MY_ERROR:  ",err))
+     }
+   )
[1] "MY_ERROR:   Error in postgresqlNewConnection(drv, ...): RPosgreSQL error: could not connect justinjtownsend@localhost:5432 on dbname \"oa_indexes\": connection to server at \"localhost\" (127.0.0.1), port 5432 failed: fe_sendauth: no password supplied\n\n"
> 
> # 2. Business days (RQuantLib calendar). ----
> rlog::log_info("Determing business date ranges...")
2025-01-03 06:38:01.856316 [INFO] Determing business date ranges...
> 
> orats.startDt <- max(as.Date(latest_loadDates$latestquotedate),
+                      as.Date(latest_loadDates$latestupdatedate),
+                      as.Date(latest_loadDates$latesttradedate))
Error in latest_loadDates$latestquotedate : 
  $ operator is invalid for atomic vectors
Calls: as.Date
Execution halted
2025-01-03 06:38:02.018207 [INFO] Setting local DB options...
2025-01-03 06:38:02.019741 [INFO] Setting remote data source options...
2025-01-03 06:38:02.020023 [INFO] Getting most recent load date...
2025-01-03 06:38:02.020792 [INFO] Fetching most recent load date from local DB...
2025-01-03 06:38:02.021178 [INFO] Connecting to the local DB...
[1] "MY_ERROR:   Error in postgresqlNewConnection(drv, ...): RPosgreSQL error: could not connect justinjtownsend@localhost:5432 on dbname \"oa_indexes\": connection to server at \"localhost\" (127.0.0.1), port 5432 failed: fe_sendauth: no password supplied\n\n"
2025-01-03 06:38:02.030393 [INFO] Determing business date ranges...
Error in latest_loadDates$latestquotedate : 
  $ operator is invalid for atomic vectors
Calls: as.Date
Execution halted
2025-01-03 06:39:01.2178 [INFO] Loading libraries
Loading required package: DBI
2025-01-03 06:39:01.404688 [INFO] Setting local DB options...
2025-01-03 06:39:01.406308 [INFO] Setting remote data source options...
2025-01-03 06:39:01.406537 [INFO] Getting most recent load date...
2025-01-03 06:39:01.407301 [INFO] Fetching most recent load date from local DB...
2025-01-03 06:39:01.407648 [INFO] Connecting to the local DB...
[1] "MY_ERROR:   Error in postgresqlNewConnection(drv, ...): RPosgreSQL error: could not connect justinjtownsend@localhost:5432 on dbname \"oa_indexes\": connection to server at \"localhost\" (127.0.0.1), port 5432 failed: fe_sendauth: no password supplied\n\n"
2025-01-03 06:39:01.417246 [INFO] Determing business date ranges...
Error in latest_loadDates$latestquotedate : 
  $ operator is invalid for atomic vectors
Calls: as.Date
Execution halted
2025-01-03 06:40:01.705278 [INFO] Loading libraries
Loading required package: DBI
2025-01-03 06:40:01.897964 [INFO] Setting local DB options...
2025-01-03 06:40:01.899538 [INFO] Setting remote data source options...
2025-01-03 06:40:01.899758 [INFO] Getting most recent load date...
2025-01-03 06:40:01.900481 [INFO] Fetching most recent load date from local DB...
2025-01-03 06:40:01.900841 [INFO] Connecting to the local DB...
[1] "MY_ERROR:   Error in postgresqlNewConnection(drv, ...): RPosgreSQL error: could not connect justinjtownsend@localhost:5432 on dbname \"oa_indexes\": connection to server at \"localhost\" (127.0.0.1), port 5432 failed: fe_sendauth: no password supplied\n\n"
2025-01-03 06:40:01.909943 [INFO] Determing business date ranges...
Error in latest_loadDates$latestquotedate : 
  $ operator is invalid for atomic vectors
Calls: as.Date
Execution halted
2025-01-03 06:41:02.164739 [INFO] Loading libraries
Loading required package: DBI
2025-01-03 06:41:02.3697 [INFO] Setting local DB options...
2025-01-03 06:41:02.37133 [INFO] Setting remote data source options...
2025-01-03 06:41:02.371578 [INFO] Getting most recent load date...
2025-01-03 06:41:02.372444 [INFO] Fetching most recent load date from local DB...
2025-01-03 06:41:02.372821 [INFO] Connecting to the local DB...
[1] "MY_ERROR:   Error in postgresqlNewConnection(drv, ...): RPosgreSQL error: could not connect justinjtownsend@localhost:5432 on dbname \"oa_indexes\": connection to server at \"localhost\" (127.0.0.1), port 5432 failed: fe_sendauth: no password supplied\n\n"
2025-01-03 06:41:02.382296 [INFO] Determing business date ranges...
Error in latest_loadDates$latestquotedate : 
  $ operator is invalid for atomic vectors
Calls: as.Date
Execution halted
2025-01-03 06:42:01.640986 [INFO] Loading libraries
Loading required package: DBI
2025-01-03 06:42:01.821269 [INFO] Setting local DB options...
2025-01-03 06:42:01.822821 [INFO] Setting remote data source options...
2025-01-03 06:42:01.823057 [INFO] Getting most recent load date...
2025-01-03 06:42:01.823807 [INFO] Fetching most recent load date from local DB...
2025-01-03 06:42:01.824155 [INFO] Connecting to the local DB...
[1] "MY_ERROR:   Error in postgresqlNewConnection(drv, ...): RPosgreSQL error: could not connect justinjtownsend@localhost:5432 on dbname \"oa_indexes\": connection to server at \"localhost\" (127.0.0.1), port 5432 failed: fe_sendauth: no password supplied\n\n"
2025-01-03 06:42:01.83342 [INFO] Determing business date ranges...
Error in latest_loadDates$latestquotedate : 
  $ operator is invalid for atomic vectors
Calls: as.Date
Execution halted
2025-01-03 06:43:02.082288 [INFO] Loading libraries
Loading required package: DBI
2025-01-03 06:43:02.285457 [INFO] Setting local DB options...
2025-01-03 06:43:02.287048 [INFO] Setting remote data source options...
2025-01-03 06:43:02.287294 [INFO] Getting most recent load date...
2025-01-03 06:43:02.288072 [INFO] Fetching most recent load date from local DB...
2025-01-03 06:43:02.288459 [INFO] Connecting to the local DB...
[1] "MY_ERROR:   Error in postgresqlNewConnection(drv, ...): RPosgreSQL error: could not connect justinjtownsend@localhost:5432 on dbname \"oa_indexes\": connection to server at \"localhost\" (127.0.0.1), port 5432 failed: fe_sendauth: no password supplied\n\n"
2025-01-03 06:43:02.297856 [INFO] Determing business date ranges...
Error in latest_loadDates$latestquotedate : 
  $ operator is invalid for atomic vectors
Calls: as.Date
Execution halted
2025-01-03 06:44:01.588698 [INFO] Loading libraries
Loading required package: DBI
2025-01-03 06:44:01.882136 [INFO] Setting local DB options...
2025-01-03 06:44:01.884354 [INFO] Setting remote data source options...
2025-01-03 06:44:01.88472 [INFO] Getting most recent load date...
2025-01-03 06:44:01.885768 [INFO] Fetching most recent load date from local DB...
2025-01-03 06:44:01.886428 [INFO] Connecting to the local DB...
[1] "MY_ERROR:   Error in postgresqlNewConnection(drv, ...): RPosgreSQL error: could not connect justinjtownsend@localhost:5432 on dbname \"oa_indexes\": connection to server at \"localhost\" (127.0.0.1), port 5432 failed: fe_sendauth: no password supplied\n\n"
2025-01-03 06:44:01.910291 [INFO] Determing business date ranges...
Error in latest_loadDates$latestquotedate : 
  $ operator is invalid for atomic vectors
Calls: as.Date
Execution halted
2025-01-03 06:45:02.10089 [INFO] Loading libraries
Loading required package: DBI
2025-01-03 06:45:02.278037 [INFO] Setting local DB options...
2025-01-03 06:45:02.2795 [INFO] Setting remote data source options...
2025-01-03 06:45:02.279717 [INFO] Getting most recent load date...
2025-01-03 06:45:02.280478 [INFO] Fetching most recent load date from local DB...
2025-01-03 06:45:02.280828 [INFO] Connecting to the local DB...
[1] "MY_ERROR:   Error in postgresqlNewConnection(drv, ...): RPosgreSQL error: could not connect justinjtownsend@localhost:5432 on dbname \"oa_indexes\": connection to server at \"localhost\" (127.0.0.1), port 5432 failed: fe_sendauth: no password supplied\n\n"
2025-01-03 06:45:02.28942 [INFO] Determing business date ranges...
Error in latest_loadDates$latestquotedate : 
  $ operator is invalid for atomic vectors
Calls: as.Date
Execution halted
2025-01-03 06:46:01.931623 [INFO] Loading libraries
Loading required package: DBI
2025-01-03 06:46:02.132389 [INFO] Setting local DB options...
2025-01-03 06:46:02.133942 [INFO] Setting remote data source options...
2025-01-03 06:46:02.134161 [INFO] Getting most recent load date...
2025-01-03 06:46:02.134941 [INFO] Fetching most recent load date from local DB...
2025-01-03 06:46:02.13528 [INFO] Connecting to the local DB...
[1] "MY_ERROR:   Error in postgresqlNewConnection(drv, ...): RPosgreSQL error: could not connect justinjtownsend@localhost:5432 on dbname \"oa_indexes\": connection to server at \"localhost\" (127.0.0.1), port 5432 failed: fe_sendauth: no password supplied\n\n"
2025-01-03 06:46:02.144261 [INFO] Determing business date ranges...
Error in latest_loadDates$latestquotedate : 
  $ operator is invalid for atomic vectors
Calls: as.Date
Execution halted
2025-01-03 06:47:01.419866 [INFO] Loading libraries
Loading required package: DBI
2025-01-03 06:47:02.067886 [INFO] Setting local DB options...
2025-01-03 06:47:02.072402 [INFO] Setting remote data source options...
2025-01-03 06:47:02.073117 [INFO] Getting most recent load date...
2025-01-03 06:47:02.075323 [INFO] Fetching most recent load date from local DB...
2025-01-03 06:47:02.076386 [INFO] Connecting to the local DB...
[1] "MY_ERROR:   Error in postgresqlNewConnection(drv, ...): RPosgreSQL error: could not connect justinjtownsend@localhost:5432 on dbname \"oa_indexes\": connection to server at \"localhost\" (127.0.0.1), port 5432 failed: fe_sendauth: no password supplied\n\n"
2025-01-03 06:47:02.099201 [INFO] Determing business date ranges...
Error in latest_loadDates$latestquotedate : 
  $ operator is invalid for atomic vectors
Calls: as.Date
Execution halted
2025-01-03 06:48:01.360504 [INFO] Loading libraries
Loading required package: DBI
2025-01-03 06:48:01.576049 [INFO] Setting local DB options...
2025-01-03 06:48:01.577772 [INFO] Setting remote data source options...
2025-01-03 06:48:01.578015 [INFO] Getting most recent load date...
2025-01-03 06:48:01.578827 [INFO] Fetching most recent load date from local DB...
2025-01-03 06:48:01.579198 [INFO] Connecting to the local DB...
[1] "MY_ERROR:   Error in postgresqlNewConnection(drv, ...): RPosgreSQL error: could not connect justinjtownsend@localhost:5432 on dbname \"oa_indexes\": connection to server at \"localhost\" (127.0.0.1), port 5432 failed: fe_sendauth: no password supplied\n\n"
2025-01-03 06:48:01.588722 [INFO] Determing business date ranges...
Error in latest_loadDates$latestquotedate : 
  $ operator is invalid for atomic vectors
Calls: as.Date
Execution halted
2025-01-03 06:49:01.872811 [INFO] Loading libraries
Loading required package: DBI
2025-01-03 06:49:02.297659 [INFO] Setting local DB options...
2025-01-03 06:49:02.307372 [INFO] Setting remote data source options...
2025-01-03 06:49:02.30825 [INFO] Getting most recent load date...
2025-01-03 06:49:02.311269 [INFO] Fetching most recent load date from local DB...
2025-01-03 06:49:02.312407 [INFO] Connecting to the local DB...
[1] "MY_ERROR:   Error in postgresqlNewConnection(drv, ...): RPosgreSQL error: could not connect justinjtownsend@localhost:5432 on dbname \"oa_indexes\": connection to server at \"localhost\" (127.0.0.1), port 5432 failed: fe_sendauth: no password supplied\n\n"
2025-01-03 06:49:02.337564 [INFO] Determing business date ranges...
Error in latest_loadDates$latestquotedate : 
  $ operator is invalid for atomic vectors
Calls: as.Date
Execution halted
2025-01-03 06:50:01.790142 [INFO] Loading libraries
Loading required package: DBI
2025-01-03 06:50:02.087957 [INFO] Setting local DB options...
2025-01-03 06:50:02.089733 [INFO] Setting remote data source options...
2025-01-03 06:50:02.089983 [INFO] Getting most recent load date...
2025-01-03 06:50:02.090825 [INFO] Fetching most recent load date from local DB...
2025-01-03 06:50:02.091306 [INFO] Connecting to the local DB...
[1] "MY_ERROR:   Error in postgresqlNewConnection(drv, ...): RPosgreSQL error: could not connect justinjtownsend@localhost:5432 on dbname \"oa_indexes\": connection to server at \"localhost\" (127.0.0.1), port 5432 failed: fe_sendauth: no password supplied\n\n"
2025-01-03 06:50:02.100296 [INFO] Determing business date ranges...
Error in latest_loadDates$latestquotedate : 
  $ operator is invalid for atomic vectors
Calls: as.Date
Execution halted
2025-01-03 06:51:01.93074 [INFO] Loading libraries
Loading required package: DBI
2025-01-03 06:51:02.205206 [INFO] Setting local DB options...
2025-01-03 06:51:02.209234 [INFO] Setting remote data source options...
2025-01-03 06:51:02.209915 [INFO] Getting most recent load date...
2025-01-03 06:51:02.211942 [INFO] Fetching most recent load date from local DB...
2025-01-03 06:51:02.212996 [INFO] Connecting to the local DB...
[1] "MY_ERROR:   Error in postgresqlNewConnection(drv, ...): RPosgreSQL error: could not connect justinjtownsend@localhost:5432 on dbname \"oa_indexes\": connection to server at \"localhost\" (127.0.0.1), port 5432 failed: fe_sendauth: no password supplied\n\n"
2025-01-03 06:51:02.234648 [INFO] Determing business date ranges...
Error in latest_loadDates$latestquotedate : 
  $ operator is invalid for atomic vectors
Calls: as.Date
Execution halted
2025-01-03 06:52:01.596217 [INFO] Loading libraries
Loading required package: DBI
2025-01-03 06:52:01.857086 [INFO] Setting local DB options...
2025-01-03 06:52:01.858736 [INFO] Setting remote data source options...
2025-01-03 06:52:01.858989 [INFO] Getting most recent load date...
2025-01-03 06:52:01.859827 [INFO] Fetching most recent load date from local DB...
2025-01-03 06:52:01.860217 [INFO] Connecting to the local DB...
[1] "MY_ERROR:   Error in postgresqlNewConnection(drv, ...): RPosgreSQL error: could not connect justinjtownsend@localhost:5432 on dbname \"oa_indexes\": connection to server at \"localhost\" (127.0.0.1), port 5432 failed: fe_sendauth: no password supplied\n\n"
2025-01-03 06:52:01.869374 [INFO] Determing business date ranges...
Error in latest_loadDates$latestquotedate : 
  $ operator is invalid for atomic vectors
Calls: as.Date
Execution halted
2025-01-03 06:53:02.082577 [INFO] Loading libraries
Loading required package: DBI
2025-01-03 06:53:02.264339 [INFO] Setting local DB options...
2025-01-03 06:53:02.265855 [INFO] Setting remote data source options...
2025-01-03 06:53:02.26608 [INFO] Getting most recent load date...
2025-01-03 06:53:02.266879 [INFO] Fetching most recent load date from local DB...
2025-01-03 06:53:02.267235 [INFO] Connecting to the local DB...
[1] "MY_ERROR:   Error in postgresqlNewConnection(drv, ...): RPosgreSQL error: could not connect justinjtownsend@localhost:5432 on dbname \"oa_indexes\": connection to server at \"localhost\" (127.0.0.1), port 5432 failed: fe_sendauth: no password supplied\n\n"
2025-01-03 06:53:02.276218 [INFO] Determing business date ranges...
Error in latest_loadDates$latestquotedate : 
  $ operator is invalid for atomic vectors
Calls: as.Date
Execution halted
2025-01-03 06:54:01.569419 [INFO] Loading libraries
Loading required package: DBI
2025-01-03 06:54:01.769194 [INFO] Setting local DB options...
2025-01-03 06:54:01.770881 [INFO] Setting remote data source options...
2025-01-03 06:54:01.771179 [INFO] Getting most recent load date...
2025-01-03 06:54:01.771968 [INFO] Fetching most recent load date from local DB...
2025-01-03 06:54:01.77235 [INFO] Connecting to the local DB...
[1] "MY_ERROR:   Error in postgresqlNewConnection(drv, ...): RPosgreSQL error: could not connect justinjtownsend@localhost:5432 on dbname \"oa_indexes\": connection to server at \"localhost\" (127.0.0.1), port 5432 failed: fe_sendauth: no password supplied\n\n"
2025-01-03 06:54:01.782053 [INFO] Determing business date ranges...
Error in latest_loadDates$latestquotedate : 
  $ operator is invalid for atomic vectors
Calls: as.Date
Execution halted
2025-01-03 06:55:02.004143 [INFO] Loading libraries
Loading required package: DBI
2025-01-03 06:55:02.342379 [INFO] Setting local DB options...
2025-01-03 06:55:02.344591 [INFO] Setting remote data source options...
2025-01-03 06:55:02.344944 [INFO] Getting most recent load date...
2025-01-03 06:55:02.346078 [INFO] Fetching most recent load date from local DB...
2025-01-03 06:55:02.346634 [INFO] Connecting to the local DB...
[1] "MY_ERROR:   Error in postgresqlNewConnection(drv, ...): RPosgreSQL error: could not connect justinjtownsend@localhost:5432 on dbname \"oa_indexes\": connection to server at \"localhost\" (127.0.0.1), port 5432 failed: fe_sendauth: no password supplied\n\n"
2025-01-03 06:55:02.359436 [INFO] Determing business date ranges...
Error in latest_loadDates$latestquotedate : 
  $ operator is invalid for atomic vectors
Calls: as.Date
Execution halted
2025-01-03 06:56:01.607462 [INFO] Loading libraries
Loading required package: DBI
2025-01-03 06:56:01.797224 [INFO] Setting local DB options...
2025-01-03 06:56:01.798731 [INFO] Setting remote data source options...
2025-01-03 06:56:01.798986 [INFO] Getting most recent load date...
2025-01-03 06:56:01.79977 [INFO] Fetching most recent load date from local DB...
2025-01-03 06:56:01.800124 [INFO] Connecting to the local DB...
[1] "MY_ERROR:   Error in postgresqlNewConnection(drv, ...): RPosgreSQL error: could not connect justinjtownsend@localhost:5432 on dbname \"oa_indexes\": connection to server at \"localhost\" (127.0.0.1), port 5432 failed: fe_sendauth: no password supplied\n\n"
2025-01-03 06:56:01.809731 [INFO] Determing business date ranges...
Error in latest_loadDates$latestquotedate : 
  $ operator is invalid for atomic vectors
Calls: as.Date
Execution halted
Error: object '.__Rprofile.env__.' not found
Execution halted
Using libraries at paths:
- /home/justinjtownsend/R/x86_64-pc-linux-gnu-library/4.3
- /usr/local/lib/R/site-library
- /usr/lib/R/site-library
- /usr/lib/R/library
The following objects are masked from .__Rprofile_env__. (pos = 3):

    .Rprofile, print.__Rprofile__

Using libraries at paths:
- /home/justinjtownsend/R/x86_64-pc-linux-gnu-library/4.3
- /usr/local/lib/R/site-library
- /usr/lib/R/site-library
- /usr/lib/R/library

   Welcome to R!

2025-01-10 02:00:01.982014 [INFO] Loading libraries
Loading required package: DBI
2025-01-10 02:00:02.17188 [INFO] Setting local DB options...
2025-01-10 02:00:02.173465 [INFO] Setting remote data source options...
2025-01-10 02:00:02.173685 [INFO] Getting most recent load date...
2025-01-10 02:00:02.174403 [INFO] Fetching most recent load date from local DB...
2025-01-10 02:00:02.174734 [INFO] Connecting to the local DB...
2025-01-10 02:00:17.051737 [INFO] Determing business date ranges...
2025-01-10 02:00:17.332734 [INFO] Fetching latest data from remote source...
[1] "2025-01-10 02:00:18.796101: loading SPX, for 2024-12-27."
Error in `purrr::map()`:
ℹ In index: 1.
Caused by error:
! (converted from warning) Client error: (401) Unauthorized https://api.orats.io/datav2/hist/strikes?token=e4cd15f5-4dd0-41d0-bb9e-bf27d79df0ff&ticker=SPX&tradeDate=2024-12-27
Backtrace:
     ▆
  1. ├─purrr::map(businessDts, ~orats.opts.hist(.x, token = orats.api.key, ticker = orats.ticker))
  2. │ └─purrr:::map_("list", .x, .f, ..., .progress = .progress)
  3. │   ├─purrr:::with_indexed_errors(...)
  4. │   │ └─base::withCallingHandlers(...)
  5. │   ├─purrr:::call_with_cleanup(...)
  6. │   └─global .f(.x[[i]], ...)
  7. │     └─global orats.opts.hist(.x, token = orats.api.key, ticker = orats.ticker)
  8. │       ├─polite::scrape(session, content = "text/plain; charset=UTF-8")
  9. │       │ ├─base::withVisible(eval(mc, parent.frame()))
 10. │       │ └─base::eval(mc, parent.frame())
 11. │       │   └─base::eval(mc, parent.frame())
 12. │       └─polite (local) `<fn>`(bow = session, content = "text/plain; charset=UTF-8")
 13. │         └─base::warning(...)
 14. ├─base::.signalSimpleWarning(...)
 15. │ └─base::withRestarts(...)
 16. │   └─base (local) withOneRestart(expr, restarts[[1L]])
 17. │     └─base (local) doWithOneRestart(return(expr), restart)
 18. └─base::.handleSimpleError(...)
 19.   └─purrr (local) h(simpleError(msg, call))
 20.     └─cli::cli_abort(...)
 21.       └─rlang::abort(...)
Execution halted
